V3 3
FL "C:/Carlos Perez Araujo/Proyectos Personales/Vhdl/MealyMachineState/SequenceDetector.vhd" 2016/04/28.15:49:32 P.20131013
EN work/SequenceDetector 1461876580 \
      FL "C:/Carlos Perez Araujo/Proyectos Personales/Vhdl/MealyMachineState/SequenceDetector.vhd" \
      PB ieee/std_logic_1164 1381692176
AR work/SequenceDetector/Behavioral 1461876581 \
      FL "C:/Carlos Perez Araujo/Proyectos Personales/Vhdl/MealyMachineState/SequenceDetector.vhd" \
      EN work/SequenceDetector 1461876580
