------------------------------------------------------------
TimeQuest Timing Analyzer Summary
------------------------------------------------------------

Type  : Slow 1200mV 85C Model Setup 'FrequencyDivider:Clock25Mhz|TEMPORAL'
Slack : -3.530
TNS   : -449.793

Type  : Slow 1200mV 85C Model Setup 'CLK'
Slack : -0.071
TNS   : -0.071

Type  : Slow 1200mV 85C Model Hold 'CLK'
Slack : 0.059
TNS   : 0.000

Type  : Slow 1200mV 85C Model Hold 'FrequencyDivider:Clock25Mhz|TEMPORAL'
Slack : 0.344
TNS   : 0.000

Type  : Slow 1200mV 85C Model Minimum Pulse Width 'CLK'
Slack : -3.000
TNS   : -4.000

Type  : Slow 1200mV 85C Model Minimum Pulse Width 'FrequencyDivider:Clock25Mhz|TEMPORAL'
Slack : -1.000
TNS   : -188.000

Type  : Slow 1200mV 0C Model Setup 'FrequencyDivider:Clock25Mhz|TEMPORAL'
Slack : -3.044
TNS   : -385.795

Type  : Slow 1200mV 0C Model Setup 'CLK'
Slack : 0.070
TNS   : 0.000

Type  : Slow 1200mV 0C Model Hold 'CLK'
Slack : -0.031
TNS   : -0.031

Type  : Slow 1200mV 0C Model Hold 'FrequencyDivider:Clock25Mhz|TEMPORAL'
Slack : 0.301
TNS   : 0.000

Type  : Slow 1200mV 0C Model Minimum Pulse Width 'CLK'
Slack : -3.000
TNS   : -4.000

Type  : Slow 1200mV 0C Model Minimum Pulse Width 'FrequencyDivider:Clock25Mhz|TEMPORAL'
Slack : -1.000
TNS   : -188.000

Type  : Fast 1200mV 0C Model Setup 'FrequencyDivider:Clock25Mhz|TEMPORAL'
Slack : -1.590
TNS   : -173.148

Type  : Fast 1200mV 0C Model Setup 'CLK'
Slack : 0.493
TNS   : 0.000

Type  : Fast 1200mV 0C Model Hold 'CLK'
Slack : -0.305
TNS   : -0.305

Type  : Fast 1200mV 0C Model Hold 'FrequencyDivider:Clock25Mhz|TEMPORAL'
Slack : 0.179
TNS   : 0.000

Type  : Fast 1200mV 0C Model Minimum Pulse Width 'CLK'
Slack : -3.000
TNS   : -4.130

Type  : Fast 1200mV 0C Model Minimum Pulse Width 'FrequencyDivider:Clock25Mhz|TEMPORAL'
Slack : -1.000
TNS   : -188.000

------------------------------------------------------------
